// Jest Snapshot v1, https://goo.gl/fbAQLP

exports[`renders LoginPage 1`] = `
Array [
  <div
    className="LearningModulesDirectoriesDashboard ms-2 row"
  />,
  <div
    className="d-grid gap-2"
  />,
]
`;
