// Jest Snapshot v1, https://goo.gl/fbAQLP

exports[`renders LearningModules 1`] = `
<div>
  <div>
    <h1
      className="text-center mt-5"
    >
      Empty Page. Go back
    </h1>
  </div>
</div>
`;
