// Jest Snapshot v1, https://goo.gl/fbAQLP

exports[`renders LoginPage 1`] = `
Array [
  <div
    className=" LearningDirectoryPageContainer container"
  >
    <h1>
      Required Modules Directory
    </h1>
  </div>,
  <div
    className="dashboard card-deck"
    style={
      Object {
        "display": "flex",
        "flexDirection": "row",
      }
    }
  />,
  <div
    className="d-grid gap-2"
  />,
]
`;
