// Jest Snapshot v1, https://goo.gl/fbAQLP

exports[`renders LoginPage 1`] = `
Array [
  <div
    className="dashboard row"
    style={
      Object {
        "display": "flex",
        "flexDirection": "row",
      }
    }
  />,
  <div
    className="d-grid gap-2"
  />,
]
`;
