// Jest Snapshot v1, https://goo.gl/fbAQLP

exports[`renders LoginPage 1`] = `
<div
  className="LearningModulePanelCard uvs-right uvs-left card"
>
  <div
    className="card-body"
  >
    <a
      className="font card-link"
      href="/learning-module/undefined"
    />
  </div>
</div>
`;
