// Jest Snapshot v1, https://goo.gl/fbAQLP

exports[`renders LoginPage 1`] = `
<body>
  <p>
    Redirecting...
  </p>
</body>
`;
