// Jest Snapshot v1, https://goo.gl/fbAQLP

exports[`renders Badges component 1`] = `
<div
  className="badgeContainer"
/>
`;
